yarn run v1.22.22
$ next build
▲ Next.js 16.3.0 (Turbopack)
✓ Running next.config.ts took 50ms

⚠ The "middleware" file convention is deprecated. Please use "proxy" instead.

  To migrate automatically, run:
  npx @next/codemod@canary middleware-to-proxy .

  Learn more: https://nextjs.org/docs/messages/middleware-to-proxy
  Creating an optimized production build ...
✓ Compiled successfully in 2.8s
  Running TypeScript ...
  Finished TypeScript in 3.0s ...
  Collecting page data using 7 workers ...
  Generating static pages using 7 workers (0/26) ...
  Generating static pages using 7 workers (6/26) 
  Generating static pages using 7 workers (12/26) 
prisma:error 
Invalid `prisma.product.findMany()` invocation:


Authentication failed against the database server, the provided database credentials for `postgres` are not valid
[Sitemap] Error fetching products with Prisma: Error [PrismaClientKnownRequestError]: 
Invalid `prisma.product.findMany()` invocation:


Authentication failed against the database server, the provided database credentials for `postgres` are not valid
    at async o (src/app/sitemap.ts:42:22)
    at async s (src/app/sitemap--route-entry.js:14:18)
  40 |
  41 |   try {
> 42 |     const products = await prisma.product.findMany({
     |                      ^
  43 |       where: { status: "active" },
  44 |       select: { id: true, updated_at: true },
  45 |     }); {
  code: 'P1000',
  meta: {
    modelName: 'Product',
    driverAdapterError: Error [DriverAdapterError]: AuthenticationFailed
        at async o (src/app/sitemap.ts:42:22)
        at async s (src/app/sitemap--route-entry.js:14:18)
      40 |
      41 |   try {
    > 42 |     const products = await prisma.product.findMany({
         |                      ^
      43 |       where: { status: "active" },
      44 |       select: { id: true, updated_at: true },
      45 |     }); {
      [cause]: [Object]
    }
  },
  clientVersion: '7.9.1'
}
  Generating static pages using 7 workers (19/26) 
✓ Generating static pages using 7 workers (26/26) in 722ms
  Finalizing page optimization ...

Route (app)
┌ ƒ /
├ ƒ /_not-found
├ ƒ /api/categories
├ ƒ /api/companies
├ ƒ /api/companies/[id]
├ ƒ /api/companies/[id]/members
├ ƒ /api/companies/logo
├ ƒ /api/orders
├ ƒ /api/payments/niubiz/authorize
├ ƒ /api/payments/niubiz/session
├ ƒ /api/products
├ ƒ /api/products/[id]
├ ƒ /api/products/images
├ ƒ /api/products/images/positions
├ ƒ /api/products/recommendations
├ ƒ /api/products/search
├ ƒ /api/products/video
├ ƒ /api/seller/bank-account
├ ƒ /api/seller/orders
├ ƒ /api/seller/payouts
├ ƒ /api/sunat/lookup
├ ƒ /api/user/dashboard
├ ƒ /api/user/favorites
├ ƒ /api/user/orders
├ ƒ /api/user/products
├ ƒ /api/user/profile
├ ƒ /api/user/profile/avatar
├ ƒ /auth/callback
├ ƒ /auth/forgot-password
├ ƒ /auth/login
├ ƒ /auth/register
├ ƒ /auth/reset-password
├ ƒ /cart
├ ƒ /cart/success
├ ƒ /companies/[slug]
├ ƒ /favorites
├ ƒ /help
├ ƒ /products
├ ƒ /products/[id]
├ ƒ /products/edit/[id]
├ ƒ /products/new
├ ○ /robots.txt
├ ƒ /search
├ ○ /sitemap.xml
├ ƒ /user/companies/[id]/members
├ ƒ /user/companies/members
├ ƒ /user/companies/new
├ ƒ /user/dashboard
├ ƒ /user/dashboard/orders
├ ƒ /user/dashboard/orders/[packageId]
├ ƒ /user/dashboard/payouts
├ ƒ /user/dashboard/products
├ ƒ /user/dashboard/settings
├ ƒ /user/orders
├ ƒ /user/orders/[orderCode]
├ ƒ /user/profile
├ ƒ /user/profile/[id]
└ ƒ /user/profile/edit


ƒ Proxy (Middleware)

○  (Static)   prerendered as static content
ƒ  (Dynamic)  server-rendered on demand

Done in 9.59s.
